/var/lib/jenkins/workspace/Pipelinesucess/src/main/java/constants/db/UsersDBConstants.java
/var/lib/jenkins/workspace/Pipelinesucess/src/main/java/servlets/RemoveBookServlet.java
/var/lib/jenkins/workspace/Pipelinesucess/src/main/java/servlets/BuyBooksServlet.java
/var/lib/jenkins/workspace/Pipelinesucess/src/main/java/servlets/UserRegisterServlet.java
/var/lib/jenkins/workspace/Pipelinesucess/src/main/java/constants/BookStoreConstants.java
/var/lib/jenkins/workspace/Pipelinesucess/src/main/java/servlets/AdminLoginServlet.java
/var/lib/jenkins/workspace/Pipelinesucess/src/main/java/servlets/ReceiptServlet.java
/var/lib/jenkins/workspace/Pipelinesucess/src/main/java/constants/db/BooksDBConstants.java
/var/lib/jenkins/workspace/Pipelinesucess/src/main/java/config/DBConnection.java
/var/lib/jenkins/workspace/Pipelinesucess/src/main/java/servlets/UserLoginServlet.java
/var/lib/jenkins/workspace/Pipelinesucess/src/main/java/servlets/ViewBookServlet.java
/var/lib/jenkins/workspace/Pipelinesucess/src/main/java/config/DatabaseConfig.java
/var/lib/jenkins/workspace/Pipelinesucess/src/main/java/servlets/AddBookServlet.java
